{
    "pets": {
        "get": [
            [
                "/pets/:id",
                        {
                            "method": "GET"
                        },
                        {
                            "$schema": "http://json-schema.org/draft-07/schema#",
                            "title": "find pet by id",
                            "description": "Returns a user based on a single ID, if the user does not have access to the pet",
                            "type": "object",
                            "properties": {
                                "body": {
                                    "type": "object",
                                    "properties": {},
                                    "required": [],
                                    "additionalProperties": false
                                },
                                "params": {
                                    "type": "object",
                                    "properties": {
                                        "id": {
                                            "description": "ID of pet to fetch",
                                            "type": "integer",
                                            "format": "int64"
                                        }
                                    },
                                    "required": [
                                        "id"
                                    ],
                                    "additionalProperties": false
                                }
                            }
                        }
            ],
            [
                "/pets",
                {
                    "method": "GET"
                },
                {
                    "$schema": "http://json-schema.org/draft-07/schema#",
                    "title": "findPets",
                    "description": "Returns all pets form the system",
                    "type": "object",
                    "properties": {
                        "body": {
                            "type": "object",
                            "properties": {},
                            "required": [],
                            "additionalProperties": false
                        },
                        "params": {
                            "type": "object",
                            "properties": {
                                "tags": {
                                    "description": "tags to filter by",
                                    "type": "array",
                                    "collectionFormat": "csv",
                                    "items": {
                                        "type": "string"
                                    }
                                },
                                "limit": {
                                    "description": "maximum number of results to return",
                                    "type": "integer",
                                    "format": "int32"
                                }
                            },
                            "required": [],
                            "additionalProperties": false
                        }
                    }
                }
            ],
            [
                "/pets/:otherId",
                {
                    "method": "GET"
                },
                {
                    "$schema": "http://json-schema.org/draft-07/schema#",
                    "title": "find pet by id",
                    "description": "Returns a user based on a single ID, if the user does not have access to the pet",
                    "type": "object",
                    "properties": {
                        "body": {
                            "type": "object",
                            "properties": {},
                            "required": [],
                            "additionalProperties": false
                        },
                        "params": {
                            "type": "object",
                            "properties": {
                                "otherId": {
                                    "description": "ID of pet to fetch",
                                    "type": "integer",
                                    "format": "int64"
                                }
                            },
                            "required": [
                                "otherId"
                            ],
                            "additionalProperties": false
                        }
                    }
                }
            ]
        ],
        "delete": [
            "/pets/:id",
            {
                "method": "DELETE"
            },
            {
                "$schema": "http://json-schema.org/draft-07/schema#",
                "title": "deletePet",
                "description": "deletes a single pet based on the ID supplied",
                "type": "object",
                "properties": {
                    "body": {
                        "type": "object",
                        "properties": {},
                        "required": [],
                        "additionalProperties": false
                    },
                    "params": {
                        "type": "object",
                        "properties": {
                            "id": {
                                "description": "ID of the order that needs to be deleted",
                                "type": "integer",
                                "format": "int64"
                            }
                        },
                        "required": [
                            "id"
                        ],
                        "additionalProperties": false
                    }
                }
            }
        ],
        "post": [
            "/pets",
            {
                "method": "POST"
            },
            {
                "$schema": "http://json-schema.org/draft-07/schema#",
                "title": "addPet",
                "description": "Creates a new pet in the store.  Duplicates are allowed",
                "type": "object",
                "properties": {
                    "body": {
                        "description": "Pet to add ot the store",
                        "properties": {
                            "name": {
                                "type": "string"
                            },
                            "tag": {
                                "type": "string"
                            }
                        },
                        "type": "object"
                    },
                    "params": {
                        "type": "object",
                        "properties": {},
                        "required": [],
                        "additionalProperties": false
                    }
                }
            }
        ]
    },
    "store": {
        "pet": {
            "type": {
                "post": [
                    "/store/pet/type",
                    {
                        "method": "POST"
                    },
                    {
                        "$schema": "http://json-schema.org/draft-07/schema#",
                        "title": "createPet",
                        "description": "Add a pet",
                        "type": "object",
                        "properties": {
                            "body": {
                                "description": "order placed for purchasing the pet",
                                "properties": {
                                    "id": {
                                        "type": "integer",
                                        "format": "long"
                                    },
                                    "type": {
                                        "type": "string"
                                    },
                                    "likesMilk": {
                                        "type": "boolean"
                                    }
                                },
                                "type": "object"
                            },
                            "params": {
                                "type": "object",
                                "properties": {},
                                "required": [],
                                "additionalProperties": false
                            }
                        }
                    }
                ]
            },
            "ref": {
                "post": [
                    "/store/pet/ref",
                    {
                        "method": "POST"
                    },
                    {
                        "$schema": "http://json-schema.org/draft-07/schema#",
                        "title": "createPet",
                        "description": "Add a pet",
                        "type": "object",
                        "properties": {
                            "body": {
                                "description": "order placed for purchasing the pet",
                                "properties": {
                                    "id": {
                                        "type": "integer",
                                        "format": "long"
                                    },
                                    "type": {
                                        "type": "string"
                                    },
                                    "likesMilk": {
                                        "type": "boolean"
                                    }
                                },
                                "type": "object"
                            },
                            "params": {
                                "type": "object",
                                "properties": {},
                                "required": [],
                                "additionalProperties": false
                            }
                        }
                    }
                ]
            }
        }
    }
}
